// Jest Snapshot v1, https://goo.gl/fbAQLP

exports[`should render expense list with empty array 1`] = `
<div>
  <p>
    No Expenses
  </p>
</div>
`;

exports[`should render list with expenses 1`] = `
<div>
  <ExpenseListItems
    amount={1000}
    createdAt={0}
    description="gum"
    id="1"
    key="1"
    note=""
  />
  <ExpenseListItems
    amount={10000}
    createdAt={-345600000}
    description="rent"
    id="2"
    key="2"
    note=""
  />
  <ExpenseListItems
    amount={4000}
    createdAt={345600000}
    description="credit card"
    id="3"
    key="3"
    note=""
  />
</div>
`;
