// Jest Snapshot v1, https://goo.gl/fbAQLP

exports[`should render Header correctly 1`] = `
<header>
  <h1>
    Expensify
  </h1>
  <NavLink
    activeClassName="isActive"
    exact={true}
    to="/"
  >
    DashBoard
  </NavLink>
  <NavLink
    activeClassName="isActive"
    to="/create"
  >
    ADD expense
  </NavLink>
  <button
    onClick={[Function]}
  >
    Logout
  </button>
</header>
`;
